// Jest Snapshot v1, https://goo.gl/fbAQLP

exports[`BreadCrumbs Component matches snapshot 1`] = `
<ul
  className="jsx-2859769289 breadcrumbs"
>
  <li
    className="jsx-2859769289"
  >
    <a
      className="jsx-2859769289"
      href="/"
      onClick={[Function]}
      onMouseEnter={[Function]}
    >
      Home
    </a>
  </li>
  <li
    className="jsx-2859769289"
  >
    <a
      className="jsx-2859769289"
      href="http://test.com/coin/5f6e4147ae97b21b48da848e/king-alfonso-xii%2C-1874---1885"
      onClick={[Function]}
      onMouseEnter={[Function]}
    >
      Coin Item 1
    </a>
  </li>
  <li
    className="jsx-2859769289"
  >
    <a
      className="jsx-2859769289"
      href="http://test.com/coin/5f6e4147ae97b21b48da848e/king-alfonso-xi%2C-1840---1874"
      onClick={[Function]}
      onMouseEnter={[Function]}
    >
      Coin Item 2
    </a>
  </li>
</ul>
`;
