// Jest Snapshot v1, https://goo.gl/fbAQLP

exports[`Coin Article Component matches snapshot 1`] = `
<li
  className="jsx-291405452"
>
  <div
    className="jsx-291405452"
  >
    <h5
      className="jsx-291405452"
    >
      Austria’s Named Best Gold Coin at 2020 COTY Awards
    </h5>
    <p
      className="jsx-291405452"
    >
      <strong
        className="jsx-291405452"
      >
        Published: 
      </strong>
      undefined NaN, NaN
    </p>
    <div
      className="jsx-291405452 excerpt"
      dangerouslySetInnerHTML={
        Object {
          "__html": "The Austrian Mint won the “Best Gold Coin” category at 2020 Coin of the Year (COTY) Awards for its 50 Euro honoring Alfred Adler. The winning coin, dated 2018, is part of a three-coin series that celebrates the pioneering schools of psychotherapy. The other coins in",
        }
      }
    />
    <a
      className="buttonlink"
      href="https://donaldscarinci.comhttps//donaldscarinci.com/austrias-named-best-gold-coin-at-2020-coty-awards"
      onClick={[Function]}
      onMouseEnter={[Function]}
      type="button"
    >
      Full Article
    </a>
  </div>
</li>
`;
