// Jest Snapshot v1, https://goo.gl/fbAQLP

exports[`Coin list Container component matches snapshot 1`] = `
Array [
  <ul
    className="breadcrumbs"
  >
    <li>
      <a
        href="/"
        onClick={[Function]}
        onMouseEnter={[Function]}
      >
        Home
      </a>
    </li>
    <li>
      <a
        href="/Calico%20Kings%20and%20Queens%20of%20Spain"
        onClick={[Function]}
        onMouseEnter={[Function]}
      >
        Calico Kings and Queens of Spain
      </a>
    </li>
    <li>
      <a
        href="/King%20Ferdinand%20VI,%201746%20-%201759"
        onClick={[Function]}
        onMouseEnter={[Function]}
      >
        King Ferdinand VI, 1746   1759
      </a>
    </li>
  </ul>,
  <section
    className="coins"
  >
    <h2>
      List of 
      Calico Kings and Queens of Spain
       coins
    </h2>
    <hr />
    <ul
      className="list"
    >
      <li
        className="coin-item"
      >
        <a
          href="/coin/1234567/king-ferdinand-vi-1746-1759"
          onClick={[Function]}
          onMouseEnter={[Function]}
        >
          King Ferdinand VI, 1746 - 1759
        </a>
      </li>
      <li
        className="coin-item"
      >
        <a
          href="/coin/1234568/king-ferdinand-vi-1746-1759"
          onClick={[Function]}
          onMouseEnter={[Function]}
        >
          King Ferdinand VI, 1746 - 1759
        </a>
      </li>
      <li
        className="coin-item"
      >
        <a
          href="/coin/1234569/king-ferdinand-vi-1746-1759"
          onClick={[Function]}
          onMouseEnter={[Function]}
        >
          King Ferdinand VI, 1746 - 1759
        </a>
      </li>
    </ul>
  </section>,
]
`;

exports[`Coin list Item component matches snapshot 1`] = `
<li
  className="coin-item"
>
  <a
    href="/coin/1234567/king-ferdinand-vi-1746-1759"
    onClick={[Function]}
    onMouseEnter={[Function]}
  >
    King Ferdinand VI, 1746 - 1759
  </a>
</li>
`;
