// Jest Snapshot v1, https://goo.gl/fbAQLP

exports[`Coin Detail Component matches snapshot 1`] = `
Array [
  <ul
    className="jsx-3026771491 breadcrumbs"
  >
    <li
      className="jsx-3026771491"
    >
      <a
        className="jsx-3026771491"
        href="/"
        onClick={[Function]}
        onMouseEnter={[Function]}
      >
        Home
      </a>
    </li>
    <li
      className="jsx-3026771491"
    >
      <a
        className="jsx-3026771491"
        href="http://test.com/coin/5f6e4147ae97b21b48da848e/king-alfonso-xii%2C-1874---1885"
        onClick={[Function]}
        onMouseEnter={[Function]}
      >
        Coin Item 1
      </a>
    </li>
    <li
      className="jsx-3026771491"
    >
      <a
        className="jsx-3026771491"
        href="http://test.com/coin/5f6e4147ae97b21b48da848e/king-alfonso-xi%2C-1840---1874"
        onClick={[Function]}
        onMouseEnter={[Function]}
      >
        Coin Item 2
      </a>
    </li>
  </ul>,
  <section
    className="jsx-752553799"
  >
    <div
      style={
        Object {
          "boxSizing": "border-box",
          "display": "inline-block",
          "margin": 0,
          "maxWidth": "100%",
          "overflow": "hidden",
          "position": "relative",
        }
      }
    >
      <div
        style={
          Object {
            "boxSizing": "border-box",
            "display": "block",
            "maxWidth": "100%",
          }
        }
      >
        <img
          alt=""
          aria-hidden={true}
          role="presentation"
          src="data:image/svg+xml;base64,PHN2ZyB3aWR0aD0iNTAwIiBoZWlnaHQ9IjI1MCIgeG1sbnM9Imh0dHA6Ly93d3cudzMub3JnLzIwMDAvc3ZnIiB2ZXJzaW9uPSIxLjEiLz4="
          style={
            Object {
              "border": "none",
              "display": "block",
              "margin": 0,
              "maxWidth": "100%",
              "padding": 0,
            }
          }
        />
      </div>
      <img
        alt="King Alfonso XII, 1874 - 1885"
        decoding="async"
        src="data:image/gif;base64,R0lGODlhAQABAIAAAAAAAP///yH5BAEAAAAALAAAAAABAAEAAAIBRAA7"
        style={
          Object {
            "border": "none",
            "bottom": 0,
            "boxSizing": "border-box",
            "display": "block",
            "height": 0,
            "left": 0,
            "margin": "auto",
            "maxHeight": "100%",
            "maxWidth": "100%",
            "minHeight": "100%",
            "minWidth": "100%",
            "objectFit": undefined,
            "objectPosition": undefined,
            "padding": 0,
            "position": "absolute",
            "right": 0,
            "top": 0,
            "visibility": "hidden",
            "width": 0,
          }
        }
      />
    </div>
    <h2
      className="jsx-752553799"
    >
      King Alfonso XII, 1874 - 1885
    </h2>
    <p
      className="jsx-752553799"
    >
      Obv: Alfonso XII Por La G De Dios 1874-1885, Rev: El Pacificador Barcelona MCMLXII
    </p>
  </section>,
]
`;
