// Jest Snapshot v1, https://goo.gl/fbAQLP

exports[`Slider Container component matches snapshot 1`] = `
<section
  className="coin-slider"
>
  <h2>
    Newly added coins
  </h2>
  <hr />
  <div
    className="react-multi-carousel-list carousel-container "
  >
    <ul
      className="react-multi-carousel-track "
      onMouseDown={[Function]}
      onMouseEnter={[Function]}
      onMouseLeave={[Function]}
      onMouseMove={[Function]}
      onMouseUp={[Function]}
      onTouchEnd={[Function]}
      onTouchMove={[Function]}
      onTouchStart={[Function]}
      style={
        Object {
          "overflow": "unset",
          "transform": "translate3d(0px,0,0)",
          "transition": "none",
        }
      }
    />
  </div>
</section>
`;

exports[`Slider Item component matches snapshot 1`] = `
<figure
  className="slide-item"
>
  <img
    alt="King Ferdinand VI, 1746 - 1759"
    src="https://coincatalogds.nyc3.digitaloceanspaces.com/15-set.jpg"
  />
  <figcaption>
    <h3>
      King Ferdinand VI, 1746 - 1759
    </h3>
    <h5>
      <a
        href="/coin/123456/king-ferdinand-vi-1746-1759"
        onClick={[Function]}
        onMouseEnter={[Function]}
      >
        Details &gt;&gt;
      </a>
    </h5>
  </figcaption>
</figure>
`;
